[    0.000000] Linux version 4.15.0-112-generic (buildd@lcy01-amd64-027) (gcc version 7.5.0 (Ubuntu 7.5.0-3ubuntu1~18.04)) #113-Ubuntu SMP Thu Jul 9 23:41:39 UTC 2020 (Ubuntu 4.15.0-112.113-generic 4.15.18)
[    0.000000] Command line: BOOT_IMAGE=/boot/vmlinuz-4.15.0-112-generic root=LABEL=cloudimg-rootfs ro console=tty1 console=ttyS0
[    0.000000] KERNEL supported cpus:
[    0.000000]   Intel GenuineIntel
[    0.000000]   AMD AuthenticAMD
[    0.000000]   Centaur CentaurHauls
[    0.000000] x86/fpu: Supporting XSAVE feature 0x001: 'x87 floating point registers'
[    0.000000] x86/fpu: Supporting XSAVE feature 0x002: 'SSE registers'
[    0.000000] x86/fpu: Supporting XSAVE feature 0x004: 'AVX registers'
[    0.000000] x86/fpu: xstate_offset[2]:  576, xstate_sizes[2]:  256
[    0.000000] x86/fpu: Enabled xstate features 0x7, context size is 832 bytes, using 'standard' format.
[    0.000000] e820: BIOS-provided physical RAM map:
[    0.000000] BIOS-e820: [mem 0x0000000000000000-0x000000000009fbff] usable
[    0.000000] BIOS-e820: [mem 0x000000000009fc00-0x000000000009ffff] reserved
[    0.000000] BIOS-e820: [mem 0x00000000000f0000-0x00000000000fffff] reserved
[    0.000000] BIOS-e820: [mem 0x0000000000100000-0x000000007ffeffff] usable
[    0.000000] BIOS-e820: [mem 0x000000007fff0000-0x000000007fffffff] ACPI data
[    0.000000] BIOS-e820: [mem 0x00000000fec00000-0x00000000fec00fff] reserved
[    0.000000] BIOS-e820: [mem 0x00000000fee00000-0x00000000fee00fff] reserved
[    0.000000] BIOS-e820: [mem 0x00000000fffc0000-0x00000000ffffffff] reserved
[    0.000000] NX (Execute Disable) protection: active
[    0.000000] SMBIOS 2.5 present.
[    0.000000] DMI: innotek GmbH VirtualBox/VirtualBox, BIOS VirtualBox 12/01/2006
[    0.000000] Hypervisor detected: KVM
[    0.000000] e820: last_pfn = 0x7fff0 max_arch_pfn = 0x400000000
[    0.000000] MTRR: Disabled
[    0.000000] x86/PAT: MTRRs disabled, skipping PAT initialization too.
[    0.000000] CPU MTRRs all blank - virtualized system.
[    0.000000] x86/PAT: Configuration [0-7]: WB  WT  UC- UC  WB  WT  UC- UC  
[    0.000000] found SMP MP-table at [mem 0x0009fff0-0x0009ffff]
[    0.000000] Scanning 1 areas for low memory corruption
[    0.000000] RAMDISK: [mem 0x35a69000-0x36d2bfff]
[    0.000000] ACPI: Early table checksum verification disabled
[    0.000000] ACPI: RSDP 0x00000000000E0000 000024 (v02 VBOX  )
[    0.000000] ACPI: XSDT 0x000000007FFF0030 00003C (v01 VBOX   VBOXXSDT 00000001 ASL  00000061)
[    0.000000] ACPI: FACP 0x000000007FFF00F0 0000F4 (v04 VBOX   VBOXFACP 00000001 ASL  00000061)
[    0.000000] ACPI: DSDT 0x000000007FFF0470 002325 (v02 VBOX   VBOXBIOS 00000002 INTL 20180105)
[    0.000000] ACPI: FACS 0x000000007FFF0200 000040
[    0.000000] ACPI: FACS 0x000000007FFF0200 000040
[    0.000000] ACPI: APIC 0x000000007FFF0240 00005C (v02 VBOX   VBOXAPIC 00000001 ASL  00000061)
[    0.000000] ACPI: SSDT 0x000000007FFF02A0 0001CC (v01 VBOX   VBOXCPUT 00000002 INTL 20180105)
[    0.000000] No NUMA configuration found
[    0.000000] Faking a node at [mem 0x0000000000000000-0x000000007ffeffff]
[    0.000000] NODE_DATA(0) allocated [mem 0x7ffc5000-0x7ffeffff]
[    0.000000] kvm-clock: cpu 0, msr 0:7ff44001, primary cpu clock
[    0.000000] kvm-clock: Using msrs 4b564d01 and 4b564d00
[    0.000000] kvm-clock: using sched offset of 4966114810 cycles
[    0.000000] clocksource: kvm-clock: mask: 0xffffffffffffffff max_cycles: 0x1cd42e4dffb, max_idle_ns: 881590591483 ns
[    0.000000] Zone ranges:
[    0.000000]   DMA      [mem 0x0000000000001000-0x0000000000ffffff]
[    0.000000]   DMA32    [mem 0x0000000001000000-0x000000007ffeffff]
[    0.000000]   Normal   empty
[    0.000000]   Device   empty
[    0.000000] Movable zone start for each node
[    0.000000] Early memory node ranges
[    0.000000]   node   0: [mem 0x0000000000001000-0x000000000009efff]
[    0.000000]   node   0: [mem 0x0000000000100000-0x000000007ffeffff]
[    0.000000] Reserved but unavailable: 98 pages
[    0.000000] Initmem setup node 0 [mem 0x0000000000001000-0x000000007ffeffff]
[    0.000000] ACPI: PM-Timer IO Port: 0x4008
[    0.000000] IOAPIC[0]: apic_id 2, version 32, address 0xfec00000, GSI 0-23
[    0.000000] ACPI: INT_SRC_OVR (bus 0 bus_irq 0 global_irq 2 dfl dfl)
[    0.000000] ACPI: INT_SRC_OVR (bus 0 bus_irq 9 global_irq 9 low level)
[    0.000000] Using ACPI (MADT) for SMP configuration information
[    0.000000] smpboot: Allowing 2 CPUs, 0 hotplug CPUs
[    0.000000] PM: Registered nosave memory: [mem 0x00000000-0x00000fff]
[    0.000000] PM: Registered nosave memory: [mem 0x0009f000-0x0009ffff]
[    0.000000] PM: Registered nosave memory: [mem 0x000a0000-0x000effff]
[    0.000000] PM: Registered nosave memory: [mem 0x000f0000-0x000fffff]
[    0.000000] e820: [mem 0x80000000-0xfebfffff] available for PCI devices
[    0.000000] Booting paravirtualized kernel on KVM
[    0.000000] clocksource: refined-jiffies: mask: 0xffffffff max_cycles: 0xffffffff, max_idle_ns: 7645519600211568 ns
[    0.000000] random: get_random_bytes called from start_kernel+0x99/0x500 with crng_init=0
[    0.000000] setup_percpu: NR_CPUS:8192 nr_cpumask_bits:2 nr_cpu_ids:2 nr_node_ids:1
[    0.000000] percpu: Embedded 45 pages/cpu s147456 r8192 d28672 u1048576
[    0.000000] PV qspinlock hash table entries: 256 (order: 0, 4096 bytes)
[    0.000000] Built 1 zonelists, mobility grouping on.  Total pages: 515961
[    0.000000] Policy zone: DMA32
[    0.000000] Kernel command line: BOOT_IMAGE=/boot/vmlinuz-4.15.0-112-generic root=LABEL=cloudimg-rootfs ro console=tty1 console=ttyS0
[    0.000000] Memory: 2015232K/2096696K available (12300K kernel code, 2481K rwdata, 4272K rodata, 2436K init, 2720K bss, 81464K reserved, 0K cma-reserved)
[    0.000000] SLUB: HWalign=64, Order=0-3, MinObjects=0, CPUs=2, Nodes=1
[    0.000000] Kernel/User page tables isolation: enabled
[    0.000000] ftrace: allocating 39378 entries in 154 pages
[    0.004000] Hierarchical RCU implementation.
[    0.004000] 	RCU restricting CPUs from NR_CPUS=8192 to nr_cpu_ids=2.
[    0.004000] 	Tasks RCU enabled.
[    0.004000] RCU: Adjusting geometry for rcu_fanout_leaf=16, nr_cpu_ids=2
[    0.004000] NR_IRQS: 524544, nr_irqs: 440, preallocated irqs: 16
[    0.004000] Console: colour VGA+ 80x25
[    0.004000] console [tty1] enabled
[    0.004000] console [ttyS0] enabled
[    0.004000] ACPI: Core revision 20170831
[    0.004000] ACPI: 2 ACPI AML tables successfully acquired and loaded
[    0.004000] APIC: Switch to symmetric I/O mode setup
[    0.004000] x2apic enabled
[    0.004000] Switched APIC routing to physical x2apic.
[    0.004000] ..TIMER: vector=0x30 apic1=0 pin1=2 apic2=-1 pin2=-1
[    0.004000] tsc: Detected 3638.988 MHz processor
[    0.004000] Calibrating delay loop (skipped) preset value.. 7277.97 BogoMIPS (lpj=14555952)
[    0.004000] pid_max: default: 32768 minimum: 301
[    0.004000] Security Framework initialized
[    0.004008] Yama: becoming mindful.
[    0.008042] AppArmor: AppArmor initialized
[    0.013316] Dentry cache hash table entries: 262144 (order: 9, 2097152 bytes)
[    0.016966] Inode-cache hash table entries: 131072 (order: 8, 1048576 bytes)
[    0.020041] Mount-cache hash table entries: 4096 (order: 3, 32768 bytes)
[    0.024021] Mountpoint-cache hash table entries: 4096 (order: 3, 32768 bytes)
[    0.028761] Last level iTLB entries: 4KB 1024, 2MB 1024, 4MB 1024
[    0.032006] Last level dTLB entries: 4KB 1024, 2MB 1024, 4MB 1024, 1GB 4
[    0.036014] Spectre V1 : Mitigation: usercopy/swapgs barriers and __user pointer sanitization
[    0.040003] Spectre V2 : Mitigation: Full generic retpoline
[    0.044004] Spectre V2 : Spectre v2 / SpectreRSB mitigation: Filling RSB on context switch
[    0.048003] Speculative Store Bypass: Vulnerable
[    0.052053] SRBDS: Unknown: Dependent on hypervisor status
[    0.056006] MDS: Vulnerable: Clear CPU buffers attempted, no microcode
[    0.060135] Freeing SMP alternatives memory: 36K
[    0.180811] smpboot: CPU0: Intel(R) Core(TM) i5-4690 CPU @ 3.50GHz (family: 0x6, model: 0x3c, stepping: 0x3)
[    0.184117] Performance Events: unsupported p6 CPU model 60 no PMU driver, software events only.
[    0.188072] Hierarchical SRCU implementation.
[    0.192496] NMI watchdog: Perf event create on CPU 0 failed with -2
[    0.196003] NMI watchdog: Perf NMI watchdog permanently disabled
[    0.200094] smp: Bringing up secondary CPUs ...
[    0.204139] x86: Booting SMP configuration:
[    0.208003] .... node  #0, CPUs:      #1
[    0.004000] kvm-clock: cpu 1, msr 0:7ff44041, secondary cpu clock
[    0.220047] smp: Brought up 1 node, 2 CPUs
[    0.224008] smpboot: Max logical packages: 1
[    0.228026] smpboot: Total of 2 processors activated (14555.95 BogoMIPS)
[    0.232243] devtmpfs: initialized
[    0.236051] x86/mm: Memory block size: 128MB
[    0.240218] evm: security.selinux
[    0.244003] evm: security.SMACK64
[    0.246752] evm: security.SMACK64EXEC
[    0.248005] evm: security.SMACK64TRANSMUTE
[    0.252002] evm: security.SMACK64MMAP
[    0.256002] evm: security.apparmor
[    0.260002] evm: security.ima
[    0.264002] evm: security.capability
[    0.267026] clocksource: jiffies: mask: 0xffffffff max_cycles: 0xffffffff, max_idle_ns: 7645041785100000 ns
[    0.268043] futex hash table entries: 512 (order: 3, 32768 bytes)
[    0.272000] pinctrl core: initialized pinctrl subsystem
[    0.272258] RTC time: 23:15:34, date: 07/28/20
[    0.276302] NET: Registered protocol family 16
[    0.280082] audit: initializing netlink subsys (disabled)
[    0.284073] audit: type=2000 audit(1595978140.544:1): state=initialized audit_enabled=0 res=1
[    0.292008] cpuidle: using governor ladder
[    0.295349] cpuidle: using governor menu
[    0.296054] ACPI: bus type PCI registered
[    0.300004] acpiphp: ACPI Hot Plug PCI Controller Driver version: 0.5
[    0.304285] PCI: Using configuration type 1 for base access
[    0.312833] HugeTLB registered 2.00 MiB page size, pre-allocated 0 pages
[    0.320113] ACPI: Added _OSI(Module Device)
[    0.324009] ACPI: Added _OSI(Processor Device)
[    0.327587] ACPI: Added _OSI(3.0 _SCP Extensions)
[    0.328004] ACPI: Added _OSI(Processor Aggregator Device)
[    0.332016] ACPI: Added _OSI(Linux-Dell-Video)
[    0.336009] ACPI: Added _OSI(Linux-Lenovo-NV-HDMI-Audio)
[    0.340006] ACPI: Added _OSI(Linux-HPI-Hybrid-Graphics)
[    0.344826] ACPI: Executed 1 blocks of module-level executable AML code
[    0.351221] ACPI: Interpreter enabled
[    0.352013] ACPI: (supports S0 S5)
[    0.354803] ACPI: Using IOAPIC for interrupt routing
[    0.356284] PCI: Using host bridge windows from ACPI; if necessary, use "pci=nocrs" and report a bug
[    0.364301] ACPI: Enabled 2 GPEs in block 00 to 07
[    0.379708] ACPI: PCI Root Bridge [PCI0] (domain 0000 [bus 00-ff])
[    0.380014] acpi PNP0A03:00: _OSC: OS supports [ASPM ClockPM Segments MSI]
[    0.384561] acpi PNP0A03:00: _OSC: not requesting OS control; OS requires [ExtendedConfig ASPM ClockPM MSI]
[    0.388060] acpi PNP0A03:00: fail to add MMCONFIG information, can't access extended PCI configuration space under this bridge.
[    0.393232] PCI host bridge to bus 0000:00
[    0.396010] pci_bus 0000:00: root bus resource [io  0x0000-0x0cf7 window]
[    0.400011] pci_bus 0000:00: root bus resource [io  0x0d00-0xffff window]
[    0.404009] pci_bus 0000:00: root bus resource [mem 0x000a0000-0x000bffff window]
[    0.408007] pci_bus 0000:00: root bus resource [mem 0x80000000-0xfdffffff window]
[    0.412006] pci_bus 0000:00: root bus resource [bus 00-ff]
[    0.424237] pci 0000:00:01.1: legacy IDE quirk: reg 0x10: [io  0x01f0-0x01f7]
[    0.428005] pci 0000:00:01.1: legacy IDE quirk: reg 0x14: [io  0x03f6]
[    0.432009] pci 0000:00:01.1: legacy IDE quirk: reg 0x18: [io  0x0170-0x0177]
[    0.436008] pci 0000:00:01.1: legacy IDE quirk: reg 0x1c: [io  0x0376]
[    0.553617] pci 0000:00:07.0: quirk: [io  0x4000-0x403f] claimed by PIIX4 ACPI
[    0.564005] pci 0000:00:07.0: quirk: [io  0x4100-0x410f] claimed by PIIX4 SMB
[    0.654810] ACPI: PCI Interrupt Link [LNKA] (IRQs 5 9 10 *11)
[    0.664516] ACPI: PCI Interrupt Link [LNKB] (IRQs 5 9 *10 11)
[    0.668195] ACPI: PCI Interrupt Link [LNKC] (IRQs 5 *9 10 11)
[    0.676216] ACPI: PCI Interrupt Link [LNKD] (IRQs 5 9 10 *11)
[    0.681665] SCSI subsystem initialized
[    0.688352] pci 0000:00:02.0: vgaarb: setting as boot VGA device
[    0.692000] pci 0000:00:02.0: vgaarb: VGA device added: decodes=io+mem,owns=io+mem,locks=none
[    0.700010] pci 0000:00:02.0: vgaarb: bridge control possible
[    0.704000] vgaarb: loaded
[    0.708214] ACPI: bus type USB registered
[    0.712114] usbcore: registered new interface driver usbfs
[    0.716031] usbcore: registered new interface driver hub
[    0.720072] usbcore: registered new device driver usb
[    0.724117] EDAC MC: Ver: 3.0.0
[    0.728937] PCI: Using ACPI for IRQ routing
[    0.736002] NetLabel: Initializing
[    0.736002] NetLabel:  domain hash size = 128
[    0.740003] NetLabel:  protocols = UNLABELED CIPSOv4 CALIPSO
[    0.744047] NetLabel:  unlabeled traffic allowed by default
[    0.748518] clocksource: Switched to clocksource kvm-clock
[    0.766469] VFS: Disk quotas dquot_6.6.0
[    0.769873] VFS: Dquot-cache hash table entries: 512 (order 0, 4096 bytes)
[    0.775793] AppArmor: AppArmor Filesystem Enabled
[    0.779961] pnp: PnP ACPI init
[    0.784715] pnp: PnP ACPI: found 3 devices
[    0.794615] clocksource: acpi_pm: mask: 0xffffff max_cycles: 0xffffff, max_idle_ns: 2085701024 ns
[    0.802026] NET: Registered protocol family 2
[    0.806331] TCP established hash table entries: 16384 (order: 5, 131072 bytes)
[    0.812868] TCP bind hash table entries: 16384 (order: 6, 262144 bytes)
[    0.818624] TCP: Hash tables configured (established 16384 bind 16384)
[    0.824212] UDP hash table entries: 1024 (order: 3, 32768 bytes)
[    0.829991] UDP-Lite hash table entries: 1024 (order: 3, 32768 bytes)
[    0.836034] NET: Registered protocol family 1
[    0.840021] pci 0000:00:00.0: Limiting direct PCI/PCI transfers
[    0.845460] pci 0000:00:01.0: Activating ISA DMA hang workarounds
[    0.850686] pci 0000:00:02.0: Video device with shadowed ROM at [mem 0x000c0000-0x000dffff]
[    0.857685] Unpacking initramfs...
[    1.105235] Freeing initrd memory: 19212K
[    1.109632] clocksource: tsc: mask: 0xffffffffffffffff max_cycles: 0x3474321e8f3, max_idle_ns: 440795351167 ns
[    1.118128] platform rtc_cmos: registered platform RTC device (no PNP device found)
[    1.124447] Scanning for low memory corruption every 60 seconds
[    1.131262] Initialise system trusted keyrings
[    1.136667] Key type blacklist registered
[    1.140412] workingset: timestamp_bits=36 max_order=19 bucket_order=0
[    1.147600] zbud: loaded
[    1.151141] squashfs: version 4.0 (2009/01/31) Phillip Lougher
[    1.159695] fuse init (API version 7.26)
[    1.172884] Key type asymmetric registered
[    1.177609] Asymmetric key parser 'x509' registered
[    1.182672] Block layer SCSI generic (bsg) driver version 0.4 loaded (major 246)
[    1.191473] io scheduler noop registered
[    1.195267] io scheduler deadline registered
[    1.200620] io scheduler cfq registered (default)
[    1.205638] ACPI: AC Adapter [AC] (on-line)
[    1.210100] input: Power Button as /devices/LNXSYSTM:00/LNXPWRBN:00/input/input0
[    1.216585] ACPI: Power Button [PWRF]
[    1.220351] input: Sleep Button as /devices/LNXSYSTM:00/LNXSLPBN:00/input/input1
[    1.226963] ACPI: Sleep Button [SLPF]
[    1.230963] Serial: 8250/16550 driver, 32 ports, IRQ sharing enabled
[    1.24412] 00:02 ttyS0  I/O 0x3f8 irq = 4, bae_baud = 11200) is a 1550A
[    1.316685] Linux agpgart interface v0.103
[    1.323158] loop: module loaded
[    1.328242] scsi host0: ata_piix
[    1.333425] scsi host1: ata_piix
[    1.339645] ata1: PATA max UDMA/33 cmd 0x1f0 ctl 0x3f6 bmdma 0xd000 irq 14
[    1.349147] ata2: PATA max UDMA/33 cmd 0x170 ctl 0x376 bmdma 0xd008 irq 15
[    1.356501] libphy: Fixed MDIO Bus: probed
[    1.365296] tun: Universal TUN/TAP device driver, 1.6
[    1.369940] PPP generic driver version 2.4.2
[    1.374067] ehci_hcd: USB 2.0 'Enhanced' Host Controller (EHCI) Driver
[    1.380648] ehci-pci: EHCI PCI platform driver
[    1.384530] ehci-platform: EHCI generic platform driver
[    1.388841] ohci_hcd: USB 1.1 'Open' Host Controller (OHCI) Driver
[    1.392805] ohci-pci: OHCI PCI platform driver
[    1.398871] ohci-platform: OHCI generic platform driver
[    1.403598] uhci_hcd: USB Universal Host Controller Interface driver
[    1.409698] i8042: PNP: PS/2 Controller [PNP0303:PS2K,PNP0f03:PS2M] at 0x60,0x64 irq 1,12
[    1.418145] serio: i8042 KBD port at 0x60,0x64 irq 1
[    1.422425] serio: i8042 AUX port at 0x60,0x64 irq 12
[    1.427439] mousedev: PS/2 mouse device common for all mice
[    1.434118] rtc_cmos rtc_cmos: rtc core: registered rtc_cmos as rtc0
[    1.439952] rtc_cmos rtc_cmos: alarms up to one day, 114 bytes nvram
[    1.445987] input: AT Translated Set 2 keyboard as /devices/platform/i8042/serio0/input/input2
[    1.453002] i2c /dev entries driver
[    1.464310] device-mapper: uevent: version 1.0.3
[    1.468528] device-mapper: ioctl: 4.37.0-ioctl (2017-09-20) initialised: dm-devel@redhat.com
[    1.475569] ledtrig-cpu: registered to indicate activity on CPUs
[    1.481952] NET: Registered protocol family 10
[    1.490711] Segment Routing with IPv6
[    1.494483] NET: Registered protocol family 17
[    1.498494] Key type dns_resolver registered
[    1.502895] mce: Using 0 MCE banks
[    1.505952] RAS: Correctable Errors collector initialized.
[    1.511007] sched_clock: Marking stable (1510924017, 0)->(2246889725, -735965708)
[    1.538227] registered taskstats version 1
[    1.544742] Loading compiled-in X.509 certificates
[    1.561924] Loaded X.509 cert 'Build time autogenerated kernel key: 1d4b83cbc5f7a3cd7e4471a5cf69d65d9314bdf5'
[    1.574026] zswap: loaded using pool lzo/zbud
[    1.585223] Key type big_key registered
[    1.590801] Key type trusted registered
[    1.596550] Key type encrypted registered
[    1.600050] AppArmor: AppArmor sha1 policy hashing enabled
[    1.604772] ima: No TPM chip found, activating TPM-bypass! (rc=-19)
[    1.610764] ima: Allocated hash algorithm: sha1
[    1.614700] evm: HMAC attrs: 0x1
[    1.618421]   Magic number: 12:272:303
[    1.621679] tty tty32: hash matches
[    1.625249] rtc_cmos rtc_cmos: setting system clock to 2020-07-28 23:15:36 UTC (1595978136)
[    1.632564] BIOS EDD facility v0.16 2004-Jun-25, 0 devices found
[    1.637590] EDD information not available.
[    1.645489] Freeing unused kernel image memory: 2436K
[    1.672470] Write protecting the kernel read-only data: 20480k
[    1.679585] Freeing unused kernel image memory: 2008K
[    1.685584] Freeing unused kernel image memory: 1872K
[    1.695034] x86/mm: Checked W+X mappings: passed, no W+X pages found.
[    1.701116] x86/mm: Checking user space page tables
[    1.710011] x86/mm: Checked W+X mappings: passed, no W+X pages found.
Loading, please wait...
starting version 237
[    1.770325] Fusion MPT base driver 3.04.20
[    1.773855] Copyright (c) 1999-2008 LSI Corporation
[    1.783568] e1000: Intel(R) PRO/1000 Network Driver - version 7.3.21-k8-NAPI
[    1.790023] e1000: Copyright (c) 1999-2006 Intel Corporation.
[    1.796085] Fusion MPT SPI Host driver 3.04.20
[    1.804194] mptbase: ioc0: Initiating bringup
[    1.825482] AVX2 version of gcm_enc/dec engaged.
[    1.830942] AES CTR mode by8 optimization enabled
[    2.117643] ioc0: LSI53C1030 A0: Capabilities={Initiator}
[    2.158807] input: ImExPS/2 Generic Explorer Mouse as /devices/platform/i8042/serio1/input/input4
[    3.888844] scsi host2: ioc0: LSI53C1030 A0, FwRev=00000000h, Ports=1, MaxQ=256, IRQ=20
[    5.351436] scsi 2:0:0:0: Direct-Access     VBOX     HARDDISK         1.0  PQ: 0 ANSI: 5
[    5.616204] scsi target2:0:0: Beginning Domain Validation
[    5.624482] scsi target2:0:0: Domain Validation skipping write tests
[    5.630363] scsi target2:0:0: Ending Domain Validation
[    5.634834] scsi target2:0:0: asynchronous
[    5.639562] scsi 2:0:1:0: Direct-Access     VBOX     HARDDISK         1.0  PQ: 0 ANSI: 5
[    5.891479] scsi target2:0:1: Beginning Domain Validation
[    5.897367] random: fast init done
[    5.902930] scsi target2:0:1: Domain Validation skipping write tests
[    5.907906] scsi target2:0:1: Ending Domain Validation
[    5.912786] scsi target2:0:1: asynchronous
[    5.922644] random: systemd-udevd: uninitialized urandom read (16 bytes read)
[    5.929455] sd 2:0:0:0: Attached scsi generic sg0 type 0
[    5.934003] random: systemd-udevd: uninitialized urandom read (16 bytes read)
[    5.940298] sd 2:0:0:0: [sda] 20971520 512-byte logical blocks: (10.7 GB/10.0 GiB)
[    5.948767] sd 2:0:1:0: Attached scsi generic sg1 type 0
[    5.953581] sd 2:0:0:0: [sda] Write Protect is off
[    5.953732] e1000 0000:00:03.0 eth0: (PCI:33MHz:32-bit) 02:28:76:2f:c2:b7
[    5.970404] e1000 0000:00:03.0 eth0: Intel(R) PRO/1000 Network Connection
[    5.970415] sd 2:0:1:0: [sdb] 20480 512-byte logical blocks: (10.5 MB/10.0 MiB)
[    5.982116] random: systemd-udevd: uninitialized urandom read (16 bytes read)
[    5.988403] sd 2:0:1:0: [sdb] Write Protect is off
[    5.988551] sd 2:0:0:0: [sda] Incomplete mode parameter data
[    5.997982] sd 2:0:0:0: [sda] Assuming drive cache: write through
[    5.998623] sd 2:0:1:0: [sdb] Incomplete mode parameter data
[    6.008261] sd 2:0:1:0: [sdb] Assuming drive cache: write through
[    6.019325] sd 2:0:1:0: [sdb] Attached SCSI disk
[    6.025203]  sda: sda1
[    6.029212] sd 2:0:0:0: [sda] Attached SCSI disk
[    6.565452] e1000 0000:00:08.0 eth1: (PCI:33MHz:32-bit) 08:00:27:34:a5:b1
[    6.571950] e1000 0000:00:08.0 eth1: Intel(R) PRO/1000 Network Connection
[    6.579652] e1000 0000:00:03.0 enp0s3: renamed from eth0
[    6.807883] e1000 0000:00:08.0 enp0s8: renamed from eth1
Begin: Loading essential drivers ... [    9.492581] raid6: sse2x1   gen() 12947 MB/s
[    9.544561] raid6: sse2x1   xor()  9045 MB/s
[    9.596031] raid6: sse2x2   gen() 14805 MB/s
[    9.644528] raid6: sse2x2   xor()  9864 MB/s
[    9.696070] raid6: sse2x4   gen() 17810 MB/s
[    9.744065] raid6: sse2x4   xor() 11359 MB/s
[    9.796468] raid6: avx2x1   gen() 25680 MB/s
[    9.844247] raid6: avx2x1   xor() 16858 MB/s
[    9.896149] raid6: avx2x2   gen() 28859 MB/s
[    9.944429] raid6: avx2x2   xor() 17861 MB/s
[    9.992171] raid6: avx2x4   gen() 31785 MB/s
[   10.044370] raid6: avx2x4   xor() 17937 MB/s
[   10.048097] raid6: using algorithm avx2x4 gen() 31785 MB/s
[   10.052800] raid6: .... xor() 17937 MB/s, rmw enabled
[   10.057360] raid6: using avx2x2 recovery algorithm
[   10.063562] xor: automatically using best checksumming function   avx       
[   10.073235] async_tx: api initialized (async)
done.
Begin: Running /scripts/init-premount ... done.
Begin: Mounting root file system ... Begin: Running /scripts/local-top ... done.
Begin: Running /scripts/local-premount ... [   10.130708] Btrfs loaded, crc32c=crc32c-intel
Scanning for Btrfs filesystems
done.
Warning: fsck not present, so skipping root file system
[   10.177007] EXT4-fs (sda1): mounted filesystem with ordered data mode. Opts: (null)
done.
Begin: Running /scripts/local-bottom ... done.
Begin: Running /scripts/init-bottom ... done.
[   10.372840] ip_tables: (C) 2000-2006 Netfilter Core Team
[   10.390787] systemd[1]: systemd 237 running in system mode. (+PAM +AUDIT +SELINUX +IMA +APPARMOR +SMACK +SYSVINIT +UTMP +LIBCRYPTSETUP +GCRYPT +GNUTLS +ACL +XZ +LZ4 +SECCOMP +BLKID +ELFUTILS +KMOD -IDN2 +IDN -PCRE2 default-hierarchy=hybrid)
[   10.408377] systemd[1]: Detected virtualization oracle.
[   10.413109] systemd[1]: Detected architecture x86-64.

Welcome to [1mUbuntu 18.04.4 LTS[0m!

[   10.433779] systemd[1]: Set hostname to <ubuntu>.
[   10.442305] systemd[1]: Initializing machine ID from random generator.
[   10.447706] systemd[1]: Installed transient /etc/machine-id file.
[   10.764009] systemd[1]: Set up automount Arbitrary Executable File Formats File System Automount Point.
[[0;32m  OK  [0m] Set up automount Arbitrary Executabâ€¦rmats File System Automount Point.
[   10.779573] systemd[1]: Started Forward Password Requests to Wall Directory Watch.
[[0;32m  OK  [0m] Started Forward Password Requests to Wall Directory Watch.
[   10.790712] systemd[1]: Reached target User and Group Name Lookups.
[[0;32m  OK  [0m] Reached target User and Group Name Lookups.
[   10.806080] systemd[1]: Created slice User and Session Slice.
[[0;32m  OK  [0m] Created slice User and Session Slice.
[[0;32m  OK  [0m] Created slice System Slice.
[[0;32m  OK  [0m] Listening on Network Service Netlink Socket.
[[0;32m  OK  [0m] Reached target Slices.
[[0;32m  OK  [0m] Listening on LVM2 poll daemon socket.
[[0;32m  OK  [0m] Listening on Device-mapper event daemon FIFOs.
[[0;32m  OK  [0m] Created slice system-serial\x2dgetty.slice.
[[0;32m  OK  [0m] Listening on Syslog Socket.
[[0;32m  OK  [0m] Listening on Journal Socket.
         Starting Remount Root and Kernel File Systems...
         Starting Uncomplicated firewall...
         Mounting Huge Pages File System...
         Mounting POSIX Message Queue File System...
         Mounting Kernel Debug File System...
[[0;32m  OK  [0m] Listening on /dev/initctl Compatibility Named Pipe.
[[0;32m  OK  [0m] Listening on Journal Socket (/dev/log).
[[0;32m  OK  [0m] Listening on Journal Audit Socket.
[   10.899248] EXT4-fs (sda1): re-mounted. Opts: (null)
         Starting Journal Service...
         Starting Load Kernel Modules...
[[0;32m  OK  [0m] Listening on LVM2 metadata daemon socket.
         Starting Monitoring of LVM2 mirrorsâ€¦ng dmeventd or progress polling...
[[0;32m  OK  [0m] Listening on udev Kernel Socket.
[[0;32m  OK  [0m] Listening on udev Control Socket.
         Starting Set the console keyboard layout...
[[0;32m  OK  [0m] Reached target System Time Synchronized.
         Starting udev Coldplug all Devices...
         Starting Create list of required stâ€¦ce nodes for the current kernel...
[[0;32m  OK  [0m] Reached target Swap.
[   10.953275] Loading iSCSI transport class v2.0-870.
[[0;32m  OK  [0m] Started Remount Root and Kernel File Systems.
[[0;32m  OK  [0m] Started Uncomplicated firewall.
[[0;32m  OK  [0m] Mounted Huge Pages File System.
[[0;32m  OK  [0m] Mounted POSIX Message Queue File System.
[[0;32m  OK  [0m] Mounted Kernel Debug File System.
         Starting Load/Save Random Seed...
[   11.012251] iscsi: registered transport (tcp)
[   11.032115] iscsi: registered transport (iser)
[[0;32m  OK  [0m] Started Journal Service.
[[0;32m  OK  [0m] Started Load Kernel Modules.
[[0;32m  OK  [0m] Started Create list of required staâ€¦vice nodes for the current kernel.
[[0;32m  OK  [0m] Started Load/Save Random Seed.
         Starting Create Static Device Nodes in /dev...
         Starting Apply Kernel Variables...
         Mounting Kernel Configuration File System...
         Mounting FUSE Control File System...
         Starting Flush Journal to Persistent Storage...
[[0;32m  OK  [0m] Mounted Kernel Configuration File System.
[[0;32m  OK  [0m] Mounted FUSE Control File System.
[[0;32m  OK  [0m] Started Create Static Device Nodes in /dev.
[[0;32m  OK  [0m] Started udev Coldplug all Devices.
         Starting udev Kernel Device Manager...
[[0;32m  OK  [0m] Started LVM2 metadata daemon.
[[0;32m  OK  [0m] Started Apply Kernel Variables.
[[0;32m  OK  [0m] Started Flush Journal to Persistent Storage.
[[0;32m  OK  [0m] Started Monitoring of LVM2 mirrors,â€¦sing dmeventd or progress polling.
[[0;32m  OK  [0m] Started udev Kernel Device Manager.
[[0;32m  OK  [0m] Started Set the console keyboard layout.
[[0;32m  OK  [0m] Started Dispatch Password Requests to Console Directory Watch.
[[0;32m  OK  [0m] Reached target Local Encrypted Volumes.
[[0;32m  OK  [0m] Reached target Local File Systems (Pre).
[[0;32m  OK  [0m] Reached target Local File Systems.
         Starting Commit a transient machine-id on disk...
         Starting ebtables ruleset management...
         Starting Tell Plymouth To Write Out Runtime Data...
         Starting Create Volatile Files and Directories...
         Starting Set console font and keymap...
         Starting AppArmor initialization...
[[0;32m  OK  [0m] Found device /dev/ttyS0.
[[0;32m  OK  [0m] Started Tell Plymouth To Write Out Runtime Data.
[[0;32m  OK  [0m] Started Create Volatile Files and Directories.
         Starting Update UTMP about System Boot/Shutdown...
[[0;32m  OK  [0m] Started Set console font and keymap.
[[0;32m  OK  [0m] Started Update UTMP about System Boot/Shutdown.
[[0;32m  OK  [0m] Started Commit a transient machine-id on disk.
[[0;32m  OK  [0m] Started ebtables ruleset management.
[[0;32m  OK  [0m] Listening on Load/Save RF Kill Switch Status /dev/rfkill Watch.
[[0;32m  OK  [0m] Started AppArmor initialization.
         Starting Initial cloud-init job (pre-networking)...
         Starting Load AppArmor profiles managed internally by snapd...
[[0;32m  OK  [0m] Started Load AppArmor profiles managed internally by snapd.
[   13.582470] cloud-init[551]: Cloud-init v. 20.2-45-g5f7825e2-0ubuntu1~18.04.1 running 'init-local' at Tue, 28 Jul 2020 23:15:48 +0000. Up 13.23 seconds.
[[0;32m  OK  [0m] Started Initial cloud-init job (pre-networking).
[[0;32m  OK  [0m] Reached target Network (Pre).
         Starting Network Service...
[[0;32m  OK  [0m] Started Network Service.
         Starting Network Name Resolution...
         Starting Wait for Network to be Configured...
[[0;32m  OK  [0m] Started Network Name Resolution.
[[0;32m  OK  [0m] Reached target Network.
[[0;32m  OK  [0m] Reached target Host and Network Name Lookups.
[[0;32m  OK  [0m] Started Wait for Network to be Configured.
         Starting Initial cloud-init job (metadata service crawler)...
[   15.816567] cloud-init[678]: Cloud-init v. 20.2-45-g5f7825e2-0ubuntu1~18.04.1 running 'init' at Tue, 28 Jul 2020 23:15:50 +0000. Up 15.69 seconds.
[   15.821501] cloud-init[678]: ci-info: ++++++++++++++++++++++++++++++++++++++Net device info+++++++++++++++++++++++++++++++++++++++
[   15.828753] cloud-init[678]: ci-info: +--------+-------+----------------------------+---------------+--------+-------------------+
[   15.835456] cloud-init[678]: ci-info: | Device |   Up  |          Address           |      Mask     | Scope  |     Hw-Address    |
[   15.841688] cloud-init[678]: ci-info: +--------+-------+----------------------------+---------------+--------+-------------------+
[   15.848449] cloud-init[678]: ci-info: | enp0s3 |  True |         10.0.2.15          | 255.255.255.0 | global | 02:28:76:2f:c2:b7 |
[   15.855199] cloud-init[678]: ci-info: | enp0s3 |  True | fe80::28:76ff:fe2f:c2b7/64 |       .       |  link  | 02:28:76:2f:c2:b7 |
[   15.862846] cloud-init[678]: ci-info: | enp0s8 | False |             .              |       .       |   .    | 08:00:27:34:a5:b1 |
[   15.868899] cloud-init[678]: ci-info: |   lo   |  True |         127.0.0.1          |   255.0.0.0   |  host  |         .         |
[   15.874545] cloud-init[678]: ci-info: |   lo   |  True |          ::1/128           |       .       |  host  |         .         |
[   15.880589] cloud-init[678]: ci-info: +--------+-------+----------------------------+---------------+--------+-------------------+
[   15.896689] cloud-init[678]: ci-info: ++++++++++++++++++++++++++++Route IPv4 info+++++++++++++++++++++++++++++
[   15.900547] cloud-init[678]: ci-info: +-------+-------------+----------+-----------------+-----------+-------+
[   15.905163] cloud-init[678]: ci-info: | Route | Destination | Gateway  |     Genmask     | Interface | Flags |
[   15.909090] cloud-init[678]: ci-info: +-------+-------------+----------+-----------------+-----------+-------+
[   15.927206] cloud-init[678]: ci-info: |   0   |   0.0.0.0   | 10.0.2.2 |     0.0.0.0     |   enp0s3  |   UG  |
[   15.933619] cloud-init[678]: ci-info: |   1   |   10.0.2.0  | 0.0.0.0  |  255.255.255.0  |   enp0s3  |   U   |
[   15.938020] cloud-init[678]: ci-info: |   2   |   10.0.2.2  | 0.0.0.0  | 255.255.255.255 |   enp0s3  |   UH  |
[   15.942544] cloud-init[678]: ci-info: +-------+-------------+----------+-----------------+-----------+-------+
[   15.956468] cloud-init[678]: ci-info: +++++++++++++++++++Route IPv6 info+++++++++++++++++++
[   15.960121] cloud-init[678]: ci-info: +-------+-------------+---------+-----------+-------+
[   15.963140] cloud-init[678]: ci-info: | Route | Destination | Gateway | Interface | Flags |
[   15.966052] cloud-init[678]: ci-info: +-------+-------------+---------+-----------+-------+
[   15.980808] cloud-init[678]: ci-info: |   1   |  fe80::/64  |    ::   |   enp0s3  |   U   |
[   15.985240] cloud-init[678]: ci-info: |   3   |    local    |    ::   |   enp0s3  |   U   |
[   15.989215] cloud-init[678]: ci-info: |   4   |   ff00::/8  |    ::   |   enp0s3  |   U   |
[   15.993631] cloud-init[678]: ci-info: +-------+-------------+---------+-----------+-------+
[   16.855300] cloud-init[678]: Generating public/private rsa key pair.
[   16.858515] cloud-init[678]: Your identification has been saved in /etc/ssh/ssh_host_rsa_key.
[   16.862219] cloud-init[678]: Your public key has been saved in /etc/ssh/ssh_host_rsa_key.pub.
[   16.866323] cloud-init[678]: The key fingerprint is:
[   16.880346] cloud-init[678]: SHA256:3nYz58Q8ksmEmHyaqDUf59ecsjy4+pS7JBJc5osTIUA root@ubuntu-bionic
[   16.884243] cloud-init[678]: The key's randomart image is:
[   16.887368] cloud-init[678]: +---[RSA 2048]----+
[   16.890286] cloud-init[678]: | .E              |
[   16.900743] cloud-init[678]: |   .             |
[   16.903523] cloud-init[678]: |    . . o        |
[[0;32m  OK  [0m] Started Initial cloud-init job (metadata service crawler).
[   16.924365] [[0;32m  OK  [0m] Reached target System Initialization.
cloud-init[678]: |     o * o .     |
         Starting Socket activation for snappy daemon.
[   16.934083] [[0;32m  OK  [0m] Listening on UUID daemon activation socket.
[[0;32m  OK  [0m] Listening on D-Bus System Message Bus Socket.
[[0;32m  OK  [0m] Listening on ACPID Listen Socket.
cloud-init[678]: |      + S o .    |
         Starting LXD - unix socket.
[[0;32m  OK  [0m] Listening on Open-iSCSI iscsid Socket.
[[0;32m  OK  [0m] Started Daily apt download activities.
[[0;32m  OK  [0m] Started Daily apt upgrade and clean activities.
[[0;32m  OK  [0m] Started Daily Cleanup of Temporary Directories.
[   16.945733] cloud-init[678]: |       * * + =   |
[[0;32m  OK  [0m] Started ACPI Events Check.
[[0;32m  OK  [0m] Reached target Paths.
[[0;32m  OK  [0m] Started Discard unused blocks once a week.
[[0;32m  OK  [0m] Started Message of the Day.
[[0;32m  OK  [0m] Reached target Timers.
[[0;32m  OK  [0m] Reached target Network is Online.
[[0;32m  OK  [0m] Reached target Remote File Systems (Pre).
[[0;32m  OK  [0m] Reached target Remote File Systems.
         Starting Availability of block devices...
[[0;32m  OK  [0m] Reached target Cloud-config availability.
[[0;32m  OK  [0m] Listening on Socket activation for snappy daemon.
[[0;32m  OK  [0m] Listening on LXD - unix socket.
[[0;32m  OK  [0m] Reached target Sockets.
[[0;32m  OK  [0m] Reached target Basic System.
         Starting Accounts Service...
         Starting LXD - container startup/shutdown...
         Starting LSB: automatic crash report generation...
[[0;32m  OK  [0m] Started Deferred execution scheduler.
[[0;32m  OK  [0m] Started Regular background program processing daemon.
         Starting System Logging Service...
         Starting Permit User Sessions...
[[0;32m  OK  [0m] Started FUSE filesystem for LXC.
[   17.013186] cloud-init         Starting Pollinate to seed the pseudo random number generator...
[678]: |      B B B.Oo*. |
[   17.021496] cloud-init[678]: |     o = O.++B+. |
[   17.028797] cloud-init[678]: |    .   oo*+o+.  |
[   17.031865] cloud-init[678]: +----[SHA256]-----+
[   17.035594] cloud-init[678]: Generating public/private dsa key pair.
[   17.039071] cloud-init[678]: Your identification has been saved in /etc/ssh/ssh_host_dsa_key.
[   17.056494] cloud-init[678]: Your public key has been saved in /etc/ssh/ssh_host_dsa_key.pub.
[   17.078164] cloud-init[678]: The key fingerprint is:
[   17.081838] cloud-init[678]: SHA256:zaQAd1mArfaIbmzs7Ug0jtFqq9TxQipTUMP2OPlMMCM root@ubuntu-bionic
[   17.086727] cloud-init[678]: The key's randomart image is:
[   17.089066] cloud-init[678]: +---[DSA 1024]----+
[   17.090903] cloud-init[678]: | .o . .oo+.      |
[[0;32m  OK  [0m] Started irqbalance daemon.
[   17.112187] cloud-init[678]: |E.*. o..o        |
[   17.131249] cloud-init[678]: |.o B  ..  .      |
[   17.135034] cloud-init[678]: | .+.o o. =       |
[   17.138524] cloud-init[678]: |  oB+o oS o      |
[   17.144526] cloud-init[678]: | .+**.. .        |
[   17.147420] cloud-init[678]: |oo+*o.           |
[   17.150020] cloud-init[678]: |oo oBo           |
[   17.153418] cloud-init[678]: |...+o.o          |
[   17.156916] cloud-init[678]: +----[SHA256]-----+
[   17.173004] cloud-init[678]: Generating public/private ecdsa key pair.
[   17.176425] cloud-init[678]: Your identification has been saved in /etc/ssh/ssh_host_ecdsa_key.
[   17.181179] cloud-init[678]: Your public key has been saved in /etc/ssh/ssh_host_ecdsa_key.pub.
[   17.196434] cloud-init[678]: The key fingerprint is:
[   17.199648] cloud-init[678]: SHA256:5YYkVJvJP+xTDARaosz1nuvlzA1XWh7JkFyVe9krLRc root@ubuntu-bionic
[   17.205183] cloud-init[678]: The key's randomart image is:
[   17.210704] cloud-init[678]: +---[ECDSA 256]---+
         Starting Snap Daemon...
[   17.224403]          Starting Login Service...
cloud-init[678]: |      +.+..   ..o|
[   17.232455] cloud-init[678]: |   o + * = . o . |
[   17.237540] cloud-init[678]: |    + o B o +   +|
[   17.242315] cloud-init[678]: |       + B o o Eo|
[   17.245026] cloud-init[678]: |        S * o B +|
[   17.249320] cloud-init[678]: |         + o B = |
[   17.254291] cloud-init[678]: |        . = o =  |
[   17.258301] cloud-init[678]: |       . = =     |
[   17.269438] cloud-init[678]: |        . + .    |
[   17.276734] cloud-init[678]: +----[SHA256]-----+
[   17.283224] cloud-init[678]: Generating public/private ed25519 key pair.
[   17.294088] cloud-init[678]: Your identification has been saved in /etc/ssh/ssh_host_ed25519_key.
[   17.297758] cloud-init[678]: Your public key has been saved in /etc/ssh/ssh_host_ed25519_key.pub.
[   17.302595] cloud-init[678]: The key fingerprint is:
[   17.306558] cloud-init[678]: SHA256:as3GDIWELkMkFJV02KAO7bdGjg5J6lRIZYA1jFWKNc0 root@ubuntu-bionic
[   17.313386] cloud-init[678]: The key's randomart image is:
[   17.316487] cloud-init[678]: +--[ED25519 256]--+
[   17.320545] cloud-init[678]: |+X%X*o.          |
[   17.322921] cloud-init[678]: |o=**Eo .         |
[   17.341528]          cloud-initStarting Dispatcher daemon for systemd-networkd...[678]: 
|o+o.  . .        |
[[0;32m  OK  [0m] Started D-Bus System Message Bus.
[   17.360788] cloud-init[678]: |+.+ .  .         |
[   17.369068] cloud-init[678]: | +.+o . S        |
[   17.374170] cloud-init[678]: |o..= . B         |
[   17.392513] cloud-init[678]: |+.. + o *        |
[   17.396655] cloud-init[678]: |oo . . .         |
[   17.401667] cloud-init[678]: | ..              |
[   17.403986] cloud-init[678]: +----[SHA256]-----+
[[0;32m  OK  [0m] Started Login Service.
[[0;32m  OK  [0m] Started Unattended Upgrades Shutdown.
         Starting LSB: Record successful boot for GRUB...
         Starting Virtualbox guest utils...
[[0;32m  OK  [0m] Started System Logging Service.
[[0;32m  OK  [0m] Started Availability of block devices.
[[0;32m  OK  [0m] Started LXD - container startup/shutdown.
[[0;32m  OK  [0m] Started Permit User Sessions.
         Starting Terminate Plymouth Boot Screen...
         Starting Hold until boot process finishes up...
[[0;32m  OK  [0m] Started Hold until boot process finishes up.
[[0;32m  OK  [0m] Started Serial Getty on ttyS0.
         Starting Set console scheme...
[[0;32m  OK  [0m] Started Terminate Plymouth Boot Screen.
[[0;32m  OK  [0m] Started Set console scheme.
[[0;32m  OK  [0m] Created slice system-getty.slice.
[[0;32m  OK  [0m] Started Getty on tty1.
[[0;32m  OK  [0m] Reached target Login Prompts.
         Starting Authorization Manager...
[[0;32m  OK  [0m] Started LSB: automatic crash report generation.
[[0;32m  OK  [0m] Started Authorization Manager.
[[0;32m  OK  [0m] Started Accounts Service.
[[0;32m  OK  [0m] Started LSB: Record successful boot for GRUB.
[[0;32m  OK  [0m] Started Virtualbox guest utils.
[[0;32m  OK  [0m] Started Dispatcher daemon for systemd-networkd.
[[0;32m  OK  [0m] Started Snap Daemon.
         Starting Wait until snapd is fully seeded...
[[0;32m  OK  [0m] Started Pollinate to seed the pseudo random number generator.
         Starting OpenBSD Secure Shell server...
[[0;32m  OK  [0m] Started OpenBSD Secure Shell server.
[[0;32m  OK  [0m] Created slice User Slice of vagrant.
         Starting User Manager for UID 1000...
[[0;32m  OK  [0m] Started Session 1 of user vagrant.
[[0;32m  OK  [0m] Started User Manager for UID 1000.
[[0;32m  OK  [0m] Started Wait until snapd is fully seeded.
         Starting Apply the settings specified in cloud-config...
[[0;32m  OK  [0m] Reached target Multi-User System.
[[0;32m  OK  [0m] Reached target Graphical Interface.
         Starting Update UTMP about System Runlevel Changes...
[[0;32m  OK  [0m] Started Update UTMP about System Runlevel Changes.
[   20.278886] cloud-init[1281]: Cloud-init v. 20.2-45-g5f7825e2-0ubuntu1~18.04.1 running 'modules:config' at Tue, 28 Jul 2020 23:15:54 +0000. Up 19.73 seconds.
[[0;32m  OK  [0m] Started Apply the settings specified in cloud-config.
         Starting Execute cloud user/final scripts...
ci-info: no authorized SSH keys fingerprints found for user ubuntu.
<14>Jul 28 23:15:55 ec2: 
<14>Jul 28 23:15:55 ec2: #############################################################
<14>Jul 28 23:15:55 ec2: -----BEGIN SSH HOST KEY FINGERPRINTS-----
<14>Jul 28 23:15:55 ec2: 1024 SHA256:zaQAd1mArfaIbmzs7Ug0jtFqq9TxQipTUMP2OPlMMCM root@ubuntu-bionic (DSA)
<14>Jul 28 23:15:55 ec2: 256 SHA256:5YYkVJvJP+xTDARaosz1nuvlzA1XWh7JkFyVe9krLRc root@ubuntu-bionic (ECDSA)
<14>Jul 28 23:15:55 ec2: 256 SHA256:as3GDIWELkMkFJV02KAO7bdGjg5J6lRIZYA1jFWKNc0 root@ubuntu-bionic (ED25519)
<14>Jul 28 23:15:55 ec2: 2048 SHA256:3nYz58Q8ksmEmHyaqDUf59ecsjy4+pS7JBJc5osTIUA root@ubuntu-bionic (RSA)
<14>Jul 28 23:15:55 ec2: -----END SSH HOST KEY FINGERPRINTS-----
<14>Jul 28 23:15:55 ec2: #############################################################
-----BEGIN SSH HOST KEY KEYS-----
ecdsa-sha2-nistp256 AAAAE2VjZHNhLXNoYTItbmlzdHAyNTYAAAAIbmlzdHAyNTYAAABBBGnDhWaHTMLOJSkGUjMQrXM10ij2n9jJ9xudfeNSDwTQFgVYSwplyPvTDXRU4j0E6Es7SJrsvAkPP9JMtRreobQ= root@ubuntu-bionic
ssh-ed25519 AAAAC3NzaC1lZDI1NTE5AAAAIFEqEkXnTKXlLDrHRbB+FkS3+DjbyEUhjG5NLcDjONwt root@ubuntu-bionic
ssh-rsa AAAAB3NzaC1yc2EAAAADAQABAAABAQC3/usXPPioWVgyuulhbkKxnpdrfaOFluhkukU/FhIRtet2QPY/TPvOrAiAetkviRhhrCk7yRNAZUVIFg8/+kAOlfQQRNXTI8fuH+vm37XpecfAyWlw7DJaCIPa//kCnvgHab4vNU9FI0HZC+MyxVsGvlA+8b05yoVVMySlKWlESbThekhHhnMy+KJtMitN9g4hLChXqdjRw8DKx7sXsZoBF4Nz9gr/Z/xbI6DV3UrxmLO8zpRsQzUz5cuWLrGzITS/sQokMwIYUCwCJYnfL64SJW6mz+zuBngHx0bvs0TmjAqdlWoIDYVtc1yTcokfeDiETHOLK+aQX2ybXGbLI9MB root@ubuntu-bionic
-----END SSH HOST KEY KEYS-----
[   21.012620] cloud-init[1368]: Cloud-init v. 20.2-45-g5f7825e2-0ubuntu1~18.04.1 running 'modules:final' at Tue, 28 Jul 2020 23:15:55 +0000. Up 20.79 seconds.
[   21.020266] cloud-init[1368]: ci-info: no authorized SSH keys fingerprints found for user ubuntu.
[   21.025110] cloud-init[1368]: Cloud-init v. 20.2-45-g5f7825e2-0ubuntu1~18.04.1 finished at Tue, 28 Jul 2020 23:15:55 +0000. Datasource DataSourceNoCloud [seed=/dev/sdb][dsmode=net].  Up 21.00 seconds
[[0;32m  OK  [0m] Started Execute cloud user/final scripts.
[[0;32m  OK  [0m] Reached target Cloud-init target.

Ubuntu 18.04.4 LTS ubuntu-bionic ttyS0

ubuntu-bionic login: 